// Jest Snapshot v1, https://goo.gl/fbAQLP

exports[`renders correctly 1`] = `
<div
  className="paginated-list"
>
  <ul
    className="cards-slider-inner"
  >
    <Card
      _id="593e9297e17df20c4a237d42"
      address="914 Argyle Road Alley"
      bathrooms={2}
      bedrooms={2}
      carSpaces={2}
      city="Singer"
      index={0}
      key="593e9297e17df20c4a237d42"
      latitude={-33.944576}
      longitude={151.25584}
      picture="images/tn_property01.jpg"
      price={937180}
    />
    <Card
      _id="593e9297ec4cca9c56bf61af"
      address="255 Raleigh Place"
      bathrooms={1}
      bedrooms={2}
      carSpaces={0}
      city="Machias"
      index={1}
      key="593e9297ec4cca9c56bf61af"
      latitude={-33.944471}
      longitude={151.2541}
      picture="images/tn_property02.jpg"
      price={703725}
    />
  </ul>
</div>
`;
