// Jest Snapshot v1, https://goo.gl/fbAQLP

exports[`renders correctly 1`] = `
<div
  className="App"
>
  <button
    className="hideForMobile"
    disabled={false}
    onClick={[Function]}
    type="button"
  >
    Next
  </button>
  <button
    className="hideForMobile"
    disabled={true}
    onClick={[Function]}
    type="button"
  >
    Prev
  </button>
  <div
    className="carusel-box"
  >
    <ul
      className="cards-slider-inner"
      style={
        Object {
          "transform": "translateX(-NaN%)",
        }
      }
    >
      <Card
        _id="593e9297e17df20c4a237d42"
        address="914 Argyle Road Alley"
        bathrooms={2}
        bedrooms={2}
        carSpaces={2}
        city="Singer"
        index={0}
        key="593e9297e17df20c4a237d42"
        latitude={-33.944576}
        longitude={151.25584}
        picture="images/tn_property01.jpg"
        price={937180}
      />
      <Card
        _id="593e9297ec4cca9c56bf61af"
        address="255 Raleigh Place"
        bathrooms={1}
        bedrooms={2}
        carSpaces={0}
        city="Machias"
        index={1}
        key="593e9297ec4cca9c56bf61af"
        latitude={-33.944471}
        longitude={151.2541}
        picture="images/tn_property02.jpg"
        price={703725}
      />
      <Card
        _id="593e929773c71925e5d7c11c"
        address="580 Amber Street"
        bathrooms={2}
        bedrooms={3}
        carSpaces={0}
        city="Bend"
        index={2}
        key="593e929773c71925e5d7c11c"
        latitude={-33.944644}
        longitude={151.24834}
        picture="images/tn_property03.jpg"
        price={837111}
      />
      <Card
        _id="593e92973d4d15eedb129aee"
        address="854 Varanda Place"
        bathrooms={2}
        bedrooms={3}
        carSpaces={0}
        city="Ivanhoe"
        index={3}
        key="593e92973d4d15eedb129aee"
        latitude={-33.940396}
        longitude={151.2469}
        picture="images/tn_property04.jpg"
        price={648223}
      />
      <Card
        _id="593e929728b7f8543b7907e1"
        address="857 Rockaway Parkway"
        bathrooms={1}
        bedrooms={2}
        carSpaces={1}
        city="Lydia"
        index={4}
        key="593e929728b7f8543b7907e1"
        latitude={-33.944562}
        longitude={151.2503}
        picture="images/tn_property05.jpg"
        price={771826}
      />
      <Card
        _id="593e92975996a6263d146444"
        address="543 Harman Street"
        bathrooms={1}
        bedrooms={2}
        carSpaces={1}
        city="Rosedale"
        index={5}
        key="593e92975996a6263d146444"
        latitude={-33.939304}
        longitude={151.25046}
        picture="images/tn_property01.jpg"
        price={686238}
      />
      <Card
        _id="593e9297a13e246da5ba0884"
        address="787 Gerald Court"
        bathrooms={2}
        bedrooms={2}
        carSpaces={2}
        city="Allison"
        index={6}
        key="593e9297a13e246da5ba0884"
        latitude={-33.937819}
        longitude={151.25774}
        picture="images/tn_property02.jpg"
        price={595377}
      />
      <Card
        _id="593e9297afa51a013fcd07d5"
        address="416 Vandervoort Avenue"
        bathrooms={1}
        bedrooms={4}
        carSpaces={1}
        city="Nicut"
        index={7}
        key="593e9297afa51a013fcd07d5"
        latitude={-33.943154}
        longitude={151.24687}
        picture="images/tn_property03.jpg"
        price={696189}
      />
      <Card
        _id="593e92972bd8fd05f2ab1a89"
        address="437 Mill Street"
        bathrooms={1}
        bedrooms={3}
        carSpaces={0}
        city="Canterwood"
        index={8}
        key="593e92972bd8fd05f2ab1a89"
        latitude={-33.943723}
        longitude={151.25278}
        picture="images/tn_property04.jpg"
        price={716114}
      />
      <Card
        _id="593e9297fe2e6d32c859ecf4"
        address="553 Friel Place"
        bathrooms={1}
        bedrooms={2}
        carSpaces={1}
        city="Cobbtown"
        index={9}
        key="593e9297fe2e6d32c859ecf4"
        latitude={-33.942459}
        longitude={151.24941}
        picture="images/tn_property05.jpg"
        price={739852}
      />
      <Card
        _id="593e92970481ccf52f948e6d"
        address="687 Opal Court"
        bathrooms={1}
        bedrooms={4}
        carSpaces={2}
        city="Blue"
        index={10}
        key="593e92970481ccf52f948e6d"
        latitude={-33.939606}
        longitude={151.25289}
        picture="images/tn_property01.jpg"
        price={625917}
      />
      <Card
        _id="593e9297e09417746b79e1c5"
        address="183 Canton Court"
        bathrooms={1}
        bedrooms={2}
        carSpaces={0}
        city="Craig"
        index={11}
        key="593e9297e09417746b79e1c5"
        latitude={-33.938557}
        longitude={151.24773}
        picture="images/tn_property02.jpg"
        price={591236}
      />
      <Card
        _id="593e92978e7160fa2b9992d9"
        address="234 Prospect Street"
        bathrooms={2}
        bedrooms={1}
        carSpaces={0}
        city="Orovada"
        index={12}
        key="593e92978e7160fa2b9992d9"
        latitude={-33.938345}
        longitude={151.25045}
        picture="images/tn_property03.jpg"
        price={995539}
      />
      <Card
        _id="593e92973459fbdfa1f1c041"
        address="205 Ocean Parkway"
        bathrooms={1}
        bedrooms={1}
        carSpaces={2}
        city="Clay"
        index={13}
        key="593e92973459fbdfa1f1c041"
        latitude={-33.937763}
        longitude={151.24721}
        picture="images/tn_property04.jpg"
        price={866924}
      />
      <Card
        _id="593e92970306538830483e14"
        address="324 Degraw Street"
        bathrooms={2}
        bedrooms={2}
        carSpaces={2}
        city="Windsor"
        index={14}
        key="593e92970306538830483e14"
        latitude={-33.938662}
        longitude={151.2513}
        picture="images/tn_property05.jpg"
        price={810745}
      />
      <Card
        _id="593e92976042982766c97ca1"
        address="644 Ashford Street"
        bathrooms={1}
        bedrooms={2}
        carSpaces={0}
        city="Bluetown"
        index={15}
        key="593e92976042982766c97ca1"
        latitude={-33.940989}
        longitude={151.25156}
        picture="images/tn_property01.jpg"
        price={793134}
      />
      <Card
        _id="593e92971901e888a036a258"
        address="472 Wilson Street"
        bathrooms={1}
        bedrooms={1}
        carSpaces={1}
        city="Wakulla"
        index={16}
        key="593e92971901e888a036a258"
        latitude={-33.943395}
        longitude={151.24723}
        picture="images/tn_property02.jpg"
        price={984589}
      />
      <Card
        _id="593e929780e6af9c11a10b90"
        address="455 Crown Street"
        bathrooms={2}
        bedrooms={1}
        carSpaces={0}
        city="Greer"
        index={17}
        key="593e929780e6af9c11a10b90"
        latitude={-33.941819}
        longitude={151.25784}
        picture="images/tn_property03.jpg"
        price={836244}
      />
      <Card
        _id="593e9297441033e3f818ff6b"
        address="459 Duffield Street"
        bathrooms={2}
        bedrooms={3}
        carSpaces={1}
        city="Wright"
        index={18}
        key="593e9297441033e3f818ff6b"
        latitude={-33.940486}
        longitude={151.25562}
        picture="images/tn_property04.jpg"
        price={962426}
      />
      <Card
        _id="593e9297964d25b59d94e8aa"
        address="537 Gelston Avenue"
        bathrooms={2}
        bedrooms={3}
        carSpaces={0}
        city="Manchester"
        index={19}
        key="593e9297964d25b59d94e8aa"
        latitude={-33.942826}
        longitude={151.24943}
        picture="images/tn_property05.jpg"
        price={768916}
      />
      <Card
        _id="593e929737636c879539416d"
        address="689 Orange Street"
        bathrooms={1}
        bedrooms={1}
        carSpaces={1}
        city="Ballico"
        index={20}
        key="593e929737636c879539416d"
        latitude={-33.943478}
        longitude={151.24779}
        picture="images/tn_property01.jpg"
        price={956974}
      />
      <Card
        _id="593e9297b2516c3e5af4601f"
        address="874 Rugby Road"
        bathrooms={1}
        bedrooms={2}
        carSpaces={2}
        city="Tuskahoma"
        index={21}
        key="593e9297b2516c3e5af4601f"
        latitude={-33.93817}
        longitude={151.25545}
        picture="images/tn_property02.jpg"
        price={875917}
      />
      <Card
        _id="593e92972f6034590df04c45"
        address="687 Alabama Avenue"
        bathrooms={1}
        bedrooms={3}
        carSpaces={2}
        city="Temperanceville"
        index={22}
        key="593e92972f6034590df04c45"
        latitude={-33.938195}
        longitude={151.25286}
        picture="images/tn_property03.jpg"
        price={913858}
      />
      <Card
        _id="593e9297aa0e233a421f1a58"
        address="739 Vermont Street"
        bathrooms={2}
        bedrooms={2}
        carSpaces={0}
        city="Cliffside"
        index={23}
        key="593e9297aa0e233a421f1a58"
        latitude={-33.94209}
        longitude={151.25645}
        picture="images/tn_property04.jpg"
        price={622995}
      />
      <Card
        _id="593e92977526a30b580dcfb2"
        address="735 Humboldt Street"
        bathrooms={2}
        bedrooms={2}
        carSpaces={1}
        city="Sunbury"
        index={24}
        key="593e92977526a30b580dcfb2"
        latitude={-33.944276}
        longitude={151.25442}
        picture="images/tn_property05.jpg"
        price={593777}
      />
      <Card
        _id="593e92975141c74b24375bd9"
        address="617 Charles Place"
        bathrooms={1}
        bedrooms={3}
        carSpaces={1}
        city="Gracey"
        index={25}
        key="593e92975141c74b24375bd9"
        latitude={-33.939279}
        longitude={151.25559}
        picture="images/tn_property01.jpg"
        price={757686}
      />
      <Card
        _id="593e9297b3ffeb95bb008453"
        address="786 George Street"
        bathrooms={1}
        bedrooms={3}
        carSpaces={0}
        city="Farmers"
        index={26}
        key="593e9297b3ffeb95bb008453"
        latitude={-33.943311}
        longitude={151.25781}
        picture="images/tn_property02.jpg"
        price={976878}
      />
      <Card
        _id="593e9297e262c91acd91ab81"
        address="711 Sunnyside Avenue"
        bathrooms={2}
        bedrooms={1}
        carSpaces={0}
        city="Mapletown"
        index={27}
        key="593e9297e262c91acd91ab81"
        latitude={-33.943475}
        longitude={151.24929}
        picture="images/tn_property03.jpg"
        price={804859}
      />
      <Card
        _id="593e9297df21e62e0465f91f"
        address="403 Lawrence Avenue"
        bathrooms={1}
        bedrooms={2}
        carSpaces={2}
        city="Snyderville"
        index={28}
        key="593e9297df21e62e0465f91f"
        latitude={-33.943007}
        longitude={151.25262}
        picture="images/tn_property04.jpg"
        price={611018}
      />
      <Card
        _id="593e929787f567dccda86910"
        address="265 Ocean Court"
        bathrooms={1}
        bedrooms={1}
        carSpaces={1}
        city="Inkerman"
        index={29}
        key="593e929787f567dccda86910"
        latitude={-33.943142}
        longitude={151.25074}
        picture="images/tn_property05.jpg"
        price={707939}
      />
    </ul>
  </div>
</div>
`;
